[0m[1mbun test [0m[2mv1.2.4 (fd9a5ea6)[0m
Connecting to resource server...
Getting resource client...
Client found: yes
Waiting for initialization...
Testing client.ping()...
Ping successful!
Checking manager state after ping...
Client still active: [0m[33mtrue[0m
Active clients count: [0m[33m1[0m
Listing resources...
Client active after error: [0m[33mtrue[0m
Transport closed: [0m[33mfalse[0m
Disconnecting all clients...
Disconnection complete
